// Jest Snapshot v1, https://goo.gl/fbAQLP

exports[`Seed snapshot 1`] = `
Array [
  Object {
    "apiVersion": "apps/v1",
    "kind": "Deployment",
    "metadata": Object {
      "labels": Object {
        "app": "main-seed-1",
      },
      "name": "main-seed-1",
    },
    "spec": Object {
      "replicas": 1,
      "selector": Object {
        "matchLabels": Object {
          "app": "main-seed-1",
        },
      },
      "template": Object {
        "spec": Object {
          "containers": Array [
            Object {
              "args": Array [
                "Libplanet.Seed.Executable.dll",
                "run",
                "--log-level=debug",
                "--app-protocol-version=100080/6ec8E598962F1f475504F82fD5bF3410eAE58B9B/MEUCIQCrSQ9v7NZBo5yCyvlHgBXW6lD4p2lFlKqK+aMeoKA.IAIgVkcK6hMCw1E0mf+m7rCf+9XnSL8Apg.joe6I1a8Nw70=/ZHUxNjpXaW5kb3dzQmluYXJ5VXJsdTU2Omh0dHBzOi8vZG93bmxvYWQubmluZS1jaHJvbmljbGVzLmNvbS92MTAwMDgwL1dpbmRvd3MuemlwdTk6dGltZXN0YW1wdTEwOjIwMjEtMDktMzBl",
                "--host=9c-main-seed-1.planetarium.dev",
                "--port=31234",
                "--workers=500",
                "--private-key=09aa7ce7bbd71d50bcf34e089545f1875bbfbc7bea56a24467bc9e7e79228d3e",
                "--graphql-host=0.0.0.0",
                "--graphql-port=31237",
              ],
              "command": Array [
                "dotnet",
              ],
              "image": "planetariumhq/libplanet-seed:git-08e65a8b4a88b9c53266a92df573641a7b6e50f0",
              "livenessProbe": Object {
                "failureThreshold": 3,
                "initialDelaySeconds": 120,
                "periodSeconds": 5,
                "successThreshold": 1,
                "tcpSocket": Object {
                  "port": 31234,
                },
                "timeoutSeconds": 1,
              },
              "name": "main-seed-1",
              "ports": Array [
                Object {
                  "containerPort": 31234,
                  "name": "node",
                  "protocol": "TCP",
                },
                Object {
                  "containerPort": 31237,
                  "name": "graphql",
                  "protocol": "TCP",
                },
              ],
              "resources": Object {
                "requests": Object {
                  "cpu": "1",
                },
              },
            },
          ],
          "dnsPolicy": "ClusterFirst",
        },
      },
    },
  },
  Object {
    "apiVersion": "v1",
    "kind": "Service",
    "metadata": Object {
      "name": "main-seed-1",
    },
    "spec": Object {
      "ports": Array [
        Object {
          "name": "node",
          "port": 31234,
          "targetPort": 31234,
        },
        Object {
          "name": "graphql",
          "port": 31237,
          "targetPort": 31237,
        },
      ],
      "selector": Object {
        "app": "main-seed-1",
      },
      "type": "LoadBalancer",
    },
  },
]
`;
